ucloud redis create	charge-type	static	Dynamic,Month,Year
ucloud redis create	project-id	dynamic
ucloud redis create	region	dynamic
ucloud redis create	subnet-id	dynamic
ucloud redis create	type	static	distributed,master-replica
ucloud redis create	version	static	4.0,5.0,6.0,7.0
ucloud redis create	vpc-id	dynamic
ucloud redis create	zone	dynamic
ucloud redis create-proxy	project-id	dynamic
ucloud redis create-proxy	region	dynamic
ucloud redis create-proxy	umem-id	dynamic
ucloud redis create-proxy	zone	dynamic
ucloud redis delete	project-id	dynamic
ucloud redis delete	region	dynamic
ucloud redis delete	umem-id	dynamic
ucloud redis delete	zone	dynamic
ucloud redis delete-proxy	project-id	dynamic
ucloud redis delete-proxy	region	dynamic
ucloud redis delete-proxy	umem-id	dynamic
ucloud redis delete-proxy	zone	dynamic
ucloud redis flush	project-id	dynamic
ucloud redis flush	region	dynamic
ucloud redis flush	umem-id	dynamic
ucloud redis flush	zone	dynamic
ucloud redis isolation	project-id	dynamic
ucloud redis isolation	region	dynamic
ucloud redis isolation	type	static	close,open
ucloud redis isolation	umem-id	dynamic
ucloud redis isolation	zone	dynamic
ucloud redis list	project-id	dynamic
ucloud redis list	region	dynamic
ucloud redis list	umem-id	dynamic
ucloud redis list	zone	dynamic
ucloud redis list-block	project-id	dynamic
ucloud redis list-block	region	dynamic
ucloud redis list-block	umem-id	dynamic
ucloud redis list-block	zone	dynamic
ucloud redis list-proxy	project-id	dynamic
ucloud redis list-proxy	region	dynamic
ucloud redis list-proxy	umem-id	dynamic
ucloud redis list-proxy	zone	dynamic
ucloud redis modify-name	project-id	dynamic
ucloud redis modify-name	region	dynamic
ucloud redis modify-name	umem-id	dynamic
ucloud redis modify-name	zone	dynamic
ucloud redis modify-password	project-id	dynamic
ucloud redis modify-password	region	dynamic
ucloud redis modify-password	umem-id	dynamic
ucloud redis modify-password	zone	dynamic
ucloud redis resize	project-id	dynamic
ucloud redis resize	region	dynamic
ucloud redis resize	umem-id	dynamic
ucloud redis resize	zone	dynamic
ucloud redis resize-proxy	project-id	dynamic
ucloud redis resize-proxy	region	dynamic
ucloud redis resize-proxy	umem-id	dynamic
ucloud redis resize-proxy	zone	dynamic
ucloud redis restart	project-id	dynamic
ucloud redis restart	region	dynamic
ucloud redis restart	umem-id	dynamic
ucloud redis restart	zone	dynamic
