ucloud ukafka	create	charge-type	static	Dynamic,Month,Year
ucloud ukafka	delete	instance-id	dynamic
ucloud ukafka	describe	instance-id	dynamic
ucloud ukafka	add-node	instance-id	dynamic
ucloud ukafka	describe-consumer	instance-id	dynamic
ucloud ukafka	check-topic	instance-id	dynamic
ucloud ukafka	list-consumers	instance-id	dynamic
ucloud ukafka	list-topics	instance-id	dynamic
ucloud ukafka	modify-type	instance-id	dynamic
ucloud ukafka	resize-disk	instance-id	dynamic
