ucloud vpc create	project-id	dynamic
ucloud vpc create	region	dynamic
ucloud vpc create-intercome	dst-project-id	dynamic
ucloud vpc create-intercome	dst-region	dynamic
ucloud vpc create-intercome	dst-vpc-id	dynamic
ucloud vpc create-intercome	project-id	dynamic
ucloud vpc create-intercome	region	dynamic
ucloud vpc create-intercome	vpc-id	dynamic
ucloud vpc delete	project-id	dynamic
ucloud vpc delete	region	dynamic
ucloud vpc delete	vpc-id	dynamic
ucloud vpc delete-intercome	dst-region	dynamic
ucloud vpc delete-intercome	vpc-id	dynamic
ucloud vpc list	project-id	dynamic
ucloud vpc list	region	dynamic
ucloud vpc list	vpc-id	dynamic
ucloud vpc list-intercome	project-id	dynamic
ucloud vpc list-intercome	region	dynamic
ucloud vpc list-intercome	vpc-id	dynamic
