ucloud umongodb create-replset	charge-type	static	Dynamic,Month,Trial,Year
ucloud umongodb create-replset	machine-type-id	dynamic
ucloud umongodb create-replset	node-count	static	3,5,7
ucloud umongodb create-replset	project-id	dynamic
ucloud umongodb create-replset	region	dynamic
ucloud umongodb create-replset	subnet-id	dynamic
ucloud umongodb create-replset	template-id	dynamic
ucloud umongodb create-replset	version	dynamic
ucloud umongodb create-replset	vpc-id	dynamic
ucloud umongodb create-replset	zone	dynamic
ucloud umongodb create-sharded	charge-type	static	Dynamic,Month,Trial,Year
ucloud umongodb create-sharded	machine-type-id	dynamic
ucloud umongodb create-sharded	project-id	dynamic
ucloud umongodb create-sharded	region	dynamic
ucloud umongodb create-sharded	subnet-id	dynamic
ucloud umongodb create-sharded	template-id	dynamic
ucloud umongodb create-sharded	version	dynamic
ucloud umongodb create-sharded	vpc-id	dynamic
ucloud umongodb create-sharded	zone	dynamic
ucloud umongodb delete-replset	project-id	dynamic
ucloud umongodb delete-replset	region	dynamic
ucloud umongodb delete-replset	umongodb-id	dynamic
ucloud umongodb delete-replset	zone	dynamic
ucloud umongodb delete-sharded	project-id	dynamic
ucloud umongodb delete-sharded	region	dynamic
ucloud umongodb delete-sharded	umongodb-id	dynamic
ucloud umongodb delete-sharded	zone	dynamic
ucloud umongodb describe	project-id	dynamic
ucloud umongodb describe	region	dynamic
ucloud umongodb describe	umongodb-id	dynamic
ucloud umongodb describe	zone	dynamic
ucloud umongodb list	project-id	dynamic
ucloud umongodb list	region	dynamic
ucloud umongodb list	zone	dynamic
ucloud umongodb list-machine-specs	project-id	dynamic
ucloud umongodb list-machine-specs	region	dynamic
ucloud umongodb list-machine-specs	zone	dynamic
ucloud umongodb list-templates	project-id	dynamic
ucloud umongodb list-templates	region	dynamic
ucloud umongodb list-versions	project-id	dynamic
ucloud umongodb list-versions	region	dynamic
ucloud umongodb list-versions	zone	dynamic
ucloud umongodb restart	project-id	dynamic
ucloud umongodb restart	region	dynamic
ucloud umongodb restart	umongodb-id	dynamic
ucloud umongodb restart	zone	dynamic
ucloud umongodb start	project-id	dynamic
ucloud umongodb start	region	dynamic
ucloud umongodb start	umongodb-id	dynamic
ucloud umongodb start	zone	dynamic
ucloud umongodb stop	project-id	dynamic
ucloud umongodb stop	region	dynamic
ucloud umongodb stop	umongodb-id	dynamic
ucloud umongodb stop	zone	dynamic
