ucloud	use=ucloud	short=UCloud CLI v{VERSION}
  flag=completion	short=	default=false	required=
  flag=config	short=	default=false	required=
  flag=signup	short=	default=false	required=
  flag=version	short=v	default=false	required=
ucloud __schema	use=__schema	short=Print a machine-readable schema of all commands (for tools/AI)
ucloud api	use=api	short=Call API
ucloud auth	use=auth	short=Authenticate ucloud-cli via browser (OAuth)
ucloud auth login	use=login	short=Log in to UCloud via browser (OAuth)
  flag=no-browser	short=	default=false	required=
  flag=oauth-base-url	short=	default=	required=
ucloud auth logout	use=logout	short=Log out: remove local OAuth tokens of the current profile
ucloud config	use=config	short=add or update configurations
  flag=active	short=	default=	required=
  flag=agree-upload-log	short=	default=false	required=
  flag=base-url	short=	default=	required=
  flag=max-retry-times	short=	default=0	required=
  flag=private-key	short=	default=	required=
  flag=profile	short=	default=	required=
  flag=project-id	short=	default=	required=
  flag=public-key	short=	default=	required=
  flag=region	short=	default=	required=
  flag=timeout-sec	short=	default=0	required=
  flag=zone	short=	default=	required=
ucloud config add	use=add	short=add configuration
  flag=active	short=	default=false	required=
  flag=agree-upload-log	short=	default=false	required=
  flag=base-url	short=	default=https://api.ucloud.cn/	required=
  flag=max-retry-times	short=	default=3	required=
  flag=private-key	short=	default=	required=true
  flag=profile	short=	default=	required=true
  flag=project-id	short=	default=	required=
  flag=public-key	short=	default=	required=true
  flag=region	short=	default=	required=
  flag=timeout-sec	short=	default=15	required=
  flag=zone	short=	default=	required=
ucloud config delete	use=delete	short=delete configurations by profile name
  flag=profile	short=	default=[]	required=true
ucloud config list	use=list	short=list all configurations
ucloud config update	use=update	short=update configurations
  flag=active	short=	default=	required=
  flag=agree-upload-log	short=	default=	required=
  flag=base-url	short=	default=	required=
  flag=max-retry-times	short=	default=	required=
  flag=private-key	short=	default=	required=
  flag=profile	short=	default=	required=true
  flag=project-id	short=	default=	required=
  flag=public-key	short=	default=	required=
  flag=region	short=	default=	required=
  flag=timeout-sec	short=	default=	required=
  flag=zone	short=	default=	required=
ucloud ext	use=ext	short=extended commands of UCloud CLI
ucloud ext uhost	use=uhost	short=extended uhost commands
ucloud ext uhost switch-eip	use=switch-eip	short=Switch EIP for UHost instances
  flag=create-eip-bandwidth-mb	short=	default=1	required=
  flag=create-eip-charge-type	short=	default=Month	required=
  flag=create-eip-quantity	short=	default=1	required=
  flag=create-eip-share-bandwidth-id	short=	default=	required=
  flag=create-eip-traffic-mode	short=	default=Bandwidth	required=
  flag=eip-addr	short=	default=[]	required=
  flag=project-id	short=	default=	required=
  flag=region	short=	default=	required=
  flag=release-all	short=	default=true	required=
  flag=uhost-id	short=	default=[]	required=true
  flag=unbind-all	short=	default=true	required=
  flag=zone	short=	default=	required=
ucloud gendoc	use=gendoc	short=Generate documents for all commands
  flag=dir	short=	default=	required=true
  flag=format	short=	default=douku	required=
ucloud init	use=init	short=Initialize UCloud CLI options
ucloud project	use=project	short=List,create,update and delete project
ucloud project create	use=create	short=Create project
  flag=name	short=	default=	required=true
  flag=parent-id	short=	default=	required=
ucloud project delete	use=delete	short=Delete project
  flag=id	short=	default=	required=true
ucloud project list	use=list	short=List project
ucloud project update	use=update	short=Update project name
  flag=id	short=	default=	required=true
  flag=name	short=	default=	required=true
ucloud region	use=region	short=List all region and zone
ucloud signature	use=signature	short=Calculate ucloud signature
  flag=param	short=m	default=[]	required=
  flag=private-key	short=k	default=	required=true
  flag=url	short=u	default=	required=
