ucloud	use=ucloud	short=UCloud CLI v{VERSION}
  flag=completion	short=	default=false	required=
  flag=config	short=	default=false	required=
  flag=signup	short=	default=false	required=
  flag=version	short=v	default=false	required=
ucloud __schema	use=__schema	short=Print a machine-readable schema of all commands (for tools/AI)
ucloud api	use=api	short=Call API
ucloud auth	use=auth	short=Authenticate ucloud-cli via browser (OAuth)
ucloud auth login	use=login	short=Log in to UCloud via browser (OAuth)
  flag=no-browser	short=	default=false	required=
  flag=oauth-base-url	short=	default=	required=
ucloud auth logout	use=logout	short=Log out: remove local OAuth tokens of the current profile
ucloud bw	use=bw	short=Manipulate bandwidth package and shared bandwidth
ucloud bw pkg	use=pkg	short=List, create and delete bandwidth package instances
ucloud bw pkg create	use=create	short=Create bandwidth package
  flag=bandwidth-mb	short=	default=0	required=true
  flag=eip-id	short=	default=[]	required=true
  flag=end-time	short=	default=	required=true
  flag=project-id	short=	default=	required=
  flag=region	short=	default=	required=
  flag=start-time	short=	default=	required=true
ucloud bw pkg delete	use=delete	short=Delete bandwidth packages
  flag=project-id	short=	default=	required=
  flag=region	short=	default=	required=
  flag=resource-id	short=	default=[]	required=
ucloud bw pkg list	use=list	short=List bandwidth packages
  flag=limit	short=	default=50	required=
  flag=offset	short=	default=0	required=
  flag=project-id	short=	default=	required=
  flag=region	short=	default=	required=
ucloud bw shared	use=shared	short=Create and manipulate shared bandwidth instances
ucloud bw shared create	use=create	short=Create shared bandwidth instance
  flag=bandwidth-mb	short=	default=20	required=
  flag=charge-type	short=	default=Month	required=
  flag=name	short=	default=	required=true
  flag=project-id	short=	default=	required=
  flag=quantity	short=	default=1	required=
  flag=region	short=	default=	required=
ucloud bw shared delete	use=delete	short=Delete shared bandwidth instance
  flag=eip-bandwidth-mb	short=	default=1	required=
  flag=project-id	short=	default=	required=
  flag=region	short=	default=	required=
  flag=shared-bw-id	short=	default=[]	required=true
  flag=traffic-mode	short=	default=	required=
ucloud bw shared list	use=list	short=List shared bandwidth instances
  flag=project-id	short=	default=	required=
  flag=region	short=	default=	required=
  flag=shared-bw-id	short=	default=[]	required=
ucloud bw shared resize	use=resize	short=Resize shared bandwidth instance's bandwidth
  flag=bandwidth-mb	short=	default=0	required=true
  flag=project-id	short=	default=	required=
  flag=region	short=	default=	required=
  flag=shared-bw-id	short=	default=	required=true
ucloud config	use=config	short=add or update configurations
  flag=active	short=	default=	required=
  flag=agree-upload-log	short=	default=false	required=
  flag=base-url	short=	default=	required=
  flag=max-retry-times	short=	default=0	required=
  flag=private-key	short=	default=	required=
  flag=profile	short=	default=	required=
  flag=project-id	short=	default=	required=
  flag=public-key	short=	default=	required=
  flag=region	short=	default=	required=
  flag=timeout-sec	short=	default=0	required=
  flag=zone	short=	default=	required=
ucloud config add	use=add	short=add configuration
  flag=active	short=	default=false	required=
  flag=agree-upload-log	short=	default=false	required=
  flag=base-url	short=	default=https://api.ucloud.cn/	required=
  flag=max-retry-times	short=	default=3	required=
  flag=private-key	short=	default=	required=true
  flag=profile	short=	default=	required=true
  flag=project-id	short=	default=	required=
  flag=public-key	short=	default=	required=true
  flag=region	short=	default=	required=
  flag=timeout-sec	short=	default=15	required=
  flag=zone	short=	default=	required=
ucloud config delete	use=delete	short=delete configurations by profile name
  flag=profile	short=	default=[]	required=true
ucloud config list	use=list	short=list all configurations
ucloud config update	use=update	short=update configurations
  flag=active	short=	default=	required=
  flag=agree-upload-log	short=	default=	required=
  flag=base-url	short=	default=	required=
  flag=max-retry-times	short=	default=	required=
  flag=private-key	short=	default=	required=
  flag=profile	short=	default=	required=true
  flag=project-id	short=	default=	required=
  flag=public-key	short=	default=	required=
  flag=region	short=	default=	required=
  flag=timeout-sec	short=	default=	required=
  flag=zone	short=	default=	required=
ucloud ext	use=ext	short=extended commands of UCloud CLI
ucloud ext uhost	use=uhost	short=extended uhost commands
ucloud ext uhost switch-eip	use=switch-eip	short=Switch EIP for UHost instances
  flag=create-eip-bandwidth-mb	short=	default=1	required=
  flag=create-eip-charge-type	short=	default=Month	required=
  flag=create-eip-quantity	short=	default=1	required=
  flag=create-eip-share-bandwidth-id	short=	default=	required=
  flag=create-eip-traffic-mode	short=	default=Bandwidth	required=
  flag=eip-addr	short=	default=[]	required=
  flag=project-id	short=	default=	required=
  flag=region	short=	default=	required=
  flag=release-all	short=	default=true	required=
  flag=uhost-id	short=	default=[]	required=true
  flag=unbind-all	short=	default=true	required=
  flag=zone	short=	default=	required=
ucloud gendoc	use=gendoc	short=Generate documents for all commands
  flag=dir	short=	default=	required=true
  flag=format	short=	default=douku	required=
ucloud gssh	use=gssh	short=Create,list,update and delete globalssh instance
ucloud gssh create	use=create	short=Create GlobalSSH instance
  flag=bandwidth-package	short=	default=0	required=
  flag=charge-type	short=	default=Month	required=
  flag=forward-region	short=	default=	required=
  flag=instance-type	short=	default=	required=
  flag=location	short=	default=	required=true
  flag=port	short=	default=22	required=
  flag=project-id	short=	default=	required=
  flag=quantity	short=	default=1	required=
  flag=remark	short=	default=	required=
  flag=target-ip	short=	default=<nil>	required=true
ucloud gssh delete	use=delete	short=Delete GlobalSSH instance
  flag=gssh-id	short=	default=[]	required=true
  flag=project-id	short=	default=	required=
ucloud gssh list	use=list	short=List all GlobalSSH instances
  flag=project-id	short=	default=	required=
  flag=region	short=	default=	required=
ucloud gssh location	use=location	short=List SSH server locations and covered areas
ucloud gssh update	use=update	short=Update GlobalSSH instance
  flag=gssh-id	short=	default=[]	required=true
  flag=port	short=	default=0	required=
  flag=project-id	short=	default=	required=
  flag=remark	short=	default=	required=
ucloud init	use=init	short=Initialize UCloud CLI options
ucloud memcache	use=memcache	short=List and manipulate memcache instances
ucloud memcache create	use=create	short=Create memcache instance
  flag=charge-type	short=	default=Month	required=
  flag=group	short=	default=	required=
  flag=name	short=	default=	required=true
  flag=project-id	short=	default=	required=
  flag=quantity	short=	default=1	required=
  flag=region	short=	default=	required=
  flag=size-gb	short=	default=1	required=
  flag=subnet-id	short=	default=	required=
  flag=vpc-id	short=	default=	required=
  flag=zone	short=	default=	required=
ucloud memcache delete	use=delete	short=Delete memcache instances
  flag=project-id	short=	default=	required=
  flag=region	short=	default=	required=
  flag=umem-id	short=	default=[]	required=true
  flag=zone	short=	default=	required=
ucloud memcache list	use=list	short=List memcache instances
  flag=limit	short=	default=100	required=
  flag=offset	short=	default=0	required=
  flag=project-id	short=	default=	required=
  flag=region	short=	default=	required=
  flag=umem-id	short=	default=	required=
  flag=zone	short=	default=	required=
ucloud memcache restart	use=restart	short=Restart memcache instances
  flag=project-id	short=	default=	required=
  flag=region	short=	default=	required=
  flag=umem-id	short=	default=[]	required=true
  flag=zone	short=	default=	required=
ucloud pathx	use=pathx	short=Manipulate uga and upath instances
ucloud pathx area	use=area	short=List origin area or acceleration area information
ucloud pathx area list	use=list	short=List origin area or acceleration area information
  flag=accel	short=	default=	required=
  flag=no-accel	short=	default=false	required=
  flag=origin-domain	short=	default=	required=
  flag=origin-ip	short=	default=	required=
  flag=project-id	short=	default=	required=
  flag=region	short=	default=	required=
  flag=time-range	short=	default=	required=
  flag=zone	short=	default=	required=
ucloud pathx create	use=create	short=Create the pathx resource and port
  flag=accel	short=	default=	required=
  flag=area-code	short=	default=	required=
  flag=bandwidth	short=	default=0	required=true
  flag=charge-type	short=	default=	required=
  flag=origin-domain	short=	default=	required=
  flag=origin-ip	short=	default=	required=
  flag=origin-port	short=	default=[]	required=
  flag=port	short=	default=[]	required=
  flag=project-id	short=	default=	required=
  flag=protocol	short=	default=TCP	required=
  flag=quantity	short=	default=1	required=
  flag=region	short=	default=	required=
  flag=zone	short=	default=	required=
ucloud pathx delete	use=delete	short=Delete the pathx resource and port
  flag=id	short=	default=	required=true
  flag=project-id	short=	default=	required=
  flag=region	short=	default=	required=
  flag=yes	short=y	default=false	required=
  flag=zone	short=	default=	required=
ucloud pathx list	use=list	short=List all the pathx resource of project
  flag=detail	short=	default=false	required=
  flag=id	short=	default=	required=
  flag=project-id	short=	default=	required=
  flag=region	short=	default=	required=
  flag=zone	short=	default=	required=
ucloud pathx modify	use=modify	short=Modify the pathx associated information. Example bandwidth or origin information or resource information
  flag=bandwidth	short=	default=0	required=
  flag=id	short=	default=	required=true
  flag=name	short=	default=	required=
  flag=origin-domain	short=	default=	required=
  flag=origin-ip	short=	default=	required=
  flag=origin-port	short=	default=[]	required=
  flag=port	short=	default=[]	required=
  flag=project-id	short=	default=	required=
  flag=protocol	short=	default=TCP	required=
  flag=region	short=	default=	required=
  flag=remark	short=	default=	required=
  flag=zone	short=	default=	required=
ucloud pathx price	use=price	short=List all the acceleration area price
ucloud pathx price list	use=list	short=List all the pathx acceleration area price
  flag=accel	short=	default=	required=
  flag=area-code	short=	default=	required=true
  flag=bandwidth	short=	default=1	required=true
  flag=charge-type	short=	default=	required=
  flag=project-id	short=	default=	required=
  flag=quantity	short=	default=1	required=
  flag=region	short=	default=	required=
  flag=zone	short=	default=	required=
ucloud pathx uga	use=uga	short=Create,list,update and delete pathx uga instances
ucloud pathx uga add-port	use=add-port	short=Add port for uga instance
  flag=port	short=	default=[]	required=true
  flag=project-id	short=	default=	required=
  flag=protocol	short=	default=	required=true
  flag=uga-id	short=	default=	required=true
ucloud pathx uga create	use=create	short=Create uga instance
  flag=name	short=	default=	required=true
  flag=origin-domain	short=	default=	required=
  flag=origin-ip	short=	default=	required=
  flag=origin-location	short=	default=	required=true
  flag=port	short=	default=[]	required=true
  flag=project-id	short=	default=	required=
  flag=protocol	short=	default=	required=true
  flag=upath-id	short=	default=[]	required=true
ucloud pathx uga delete	use=delete	short=Delete uga instances
  flag=project-id	short=	default=	required=
  flag=uga-id	short=	default=[]	required=true
ucloud pathx uga delete-port	use=delete-port	short=Delete port for uga instance
  flag=port	short=	default=[]	required=true
  flag=project-id	short=	default=	required=
  flag=protocol	short=	default=	required=true
  flag=uga-id	short=	default=	required=true
ucloud pathx uga describe	use=describe	short=Display detail informations about uga instances
  flag=project-id	short=	default=	required=
  flag=uga-id	short=	default=	required=true
ucloud pathx uga list	use=list	short=list uga instances
  flag=project-id	short=	default=	required=
  flag=uga-id	short=	default=	required=
ucloud pathx upath	use=upath	short=List pathx upath instances
ucloud pathx upath list	use=list	short=list upath instances
  flag=project-id	short=	default=	required=
  flag=upath-id	short=	default=	required=
ucloud project	use=project	short=List,create,update and delete project
ucloud project create	use=create	short=Create project
  flag=name	short=	default=	required=true
  flag=parent-id	short=	default=	required=
ucloud project delete	use=delete	short=Delete project
  flag=id	short=	default=	required=true
ucloud project list	use=list	short=List project
ucloud project update	use=update	short=Update project name
  flag=id	short=	default=	required=true
  flag=name	short=	default=	required=true
ucloud redis	use=redis	short=List and manipulate redis instances
ucloud redis create	use=create	short=Create redis instance
  flag=block-cnt	short=	default=2	required=
  flag=charge-type	short=	default=Month	required=
  flag=group	short=	default=	required=
  flag=name	short=	default=	required=true
  flag=password	short=	default=	required=
  flag=project-id	short=	default=	required=
  flag=proxy-size	short=	default=2	required=
  flag=quantity	short=	default=1	required=
  flag=region	short=	default=	required=
  flag=size-gb	short=	default=2	required=
  flag=subnet-id	short=	default=	required=
  flag=type	short=	default=	required=true
  flag=version	short=	default=6.0	required=
  flag=vpc-id	short=	default=	required=
  flag=zone	short=	default=	required=
ucloud redis delete	use=delete	short=Delete redis instances
  flag=project-id	short=	default=	required=
  flag=region	short=	default=	required=
  flag=umem-id	short=	default=[]	required=true
  flag=zone	short=	default=	required=
ucloud redis list	use=list	short=List redis instances
  flag=limit	short=	default=100	required=
  flag=offset	short=	default=0	required=
  flag=project-id	short=	default=	required=
  flag=region	short=	default=	required=
  flag=umem-id	short=	default=	required=
  flag=zone	short=	default=	required=
ucloud redis restart	use=restart	short=Restart redis instances of master-replica type
  flag=project-id	short=	default=	required=
  flag=region	short=	default=	required=
  flag=umem-id	short=	default=[]	required=true
  flag=zone	short=	default=	required=
ucloud region	use=region	short=List all region and zone
ucloud signature	use=signature	short=Calculate ucloud signature
  flag=param	short=m	default=[]	required=
  flag=private-key	short=k	default=	required=true
  flag=url	short=u	default=	required=
ucloud subnet	use=subnet	short=List, create and delete subnet
ucloud subnet create	use=create	short=Create subnet of vpc network
  flag=group	short=	default=	required=
  flag=name	short=	default=Subnet	required=
  flag=project-id	short=	default=	required=
  flag=region	short=	default=	required=
  flag=remark	short=	default=	required=
  flag=segment	short=	default=<nil>	required=true
  flag=vpc-id	short=	default=	required=true
ucloud subnet delete	use=delete	short=Delete subnet
  flag=project-id	short=	default=	required=
  flag=region	short=	default=	required=
  flag=subnet-id	short=	default=[]	required=true
ucloud subnet list	use=list	short=List subnet
  flag=group	short=	default=	required=
  flag=limit	short=	default=50	required=
  flag=offset	short=	default=0	required=
  flag=project-id	short=	default=	required=
  flag=region	short=	default=	required=
  flag=subnet-id	short=	default=[]	required=
  flag=vpc-id	short=	default=	required=
ucloud subnet list-resource	use=list-resource	short=List resources belong to subnet
  flag=limit	short=	default=100	required=
  flag=offset	short=	default=0	required=
  flag=project-id	short=	default=	required=
  flag=region	short=	default=	required=
  flag=resource-type	short=	default=	required=
  flag=subnet-id	short=	default=	required=true
ucloud udpn	use=udpn	short=List and manipulate udpn instances
ucloud udpn create	use=create	short=Create UDPN tunnel
  flag=bandwidth-mb	short=	default=0	required=true
  flag=charge-type	short=	default=	required=
  flag=peer1	short=	default=	required=true
  flag=peer2	short=	default=	required=true
  flag=project-id	short=	default=	required=
  flag=quantity	short=	default=1	required=
ucloud udpn delete	use=delete	short=delete udpn instances
  flag=project-id	short=	default=	required=
  flag=udpn-id	short=	default=[]	required=true
ucloud udpn list	use=list	short=List udpn instances
  flag=limit	short=	default=50	required=
  flag=offset	short=	default=0	required=
  flag=project-id	short=	default=	required=
  flag=region	short=	default=	required=
  flag=udpn-id	short=	default=	required=
ucloud udpn modify-bw	use=modify-bw	short=Modify bandwidth of UDPN tunnel
  flag=bandwidth-mb	short=	default=0	required=true
  flag=project-id	short=	default=	required=
  flag=region	short=	default=	required=
  flag=udpn-id	short=	default=[]	required=true
ucloud ulb	use=ulb	short=List and manipulate ULB instances
ucloud ulb create	use=create	short=Create ULB instance
  flag=bind-eip	short=	default=	required=
  flag=charge-type	short=	default=Month	required=
  flag=create-eip-bandwidth-mb	short=	default=0	required=
  flag=create-eip-line	short=	default=	required=
  flag=create-eip-name	short=	default=	required=
  flag=create-eip-remark	short=	default=	required=
  flag=create-eip-traffic-mode	short=	default=Bandwidth	required=
  flag=group	short=	default=Default	required=
  flag=mode	short=	default=outer	required=true
  flag=name	short=	default=	required=true
  flag=project-id	short=	default=	required=
  flag=region	short=	default=	required=
  flag=remark	short=	default=	required=
  flag=subnet-id	short=	default=	required=
  flag=vpc-id	short=	default=	required=
ucloud ulb delete	use=delete	short=Delete ULB instances by resource ID
  flag=project-id	short=	default=	required=
  flag=region	short=	default=	required=
  flag=ulb-id	short=	default=[]	required=true
ucloud ulb list	use=list	short=List ULB instances
  flag=group	short=	default=	required=
  flag=limit	short=	default=50	required=
  flag=offset	short=	default=0	required=
  flag=project-id	short=	default=	required=
  flag=region	short=	default=	required=
  flag=subnet-id	short=	default=	required=
  flag=ulb-id	short=	default=	required=
  flag=vpc-id	short=	default=	required=
ucloud ulb ssl	use=ssl	short=List and manipulate SSL Certificates for ULB
ucloud ulb ssl add	use=add	short=Add SSL Certificate
  flag=all-in-one-file	short=	default=	required=
  flag=ca-certificate-file	short=	default=	required=
  flag=format	short=	default=Pem	required=
  flag=name	short=	default=	required=true
  flag=private-key-file	short=	default=	required=
  flag=project-id	short=	default=	required=
  flag=region	short=	default=	required=
  flag=site-certificate-file	short=	default=	required=
ucloud ulb ssl bind	use=bind	short=Bind SSL Certificate with VServer
  flag=project-id	short=	default=	required=
  flag=region	short=	default=	required=
  flag=ssl-id	short=	default=	required=true
  flag=ulb-id	short=	default=	required=true
  flag=vserver-id	short=	default=	required=true
ucloud ulb ssl delete	use=delete	short=Delete SSL Certificates by resource id(ssl id)
  flag=project-id	short=	default=	required=
  flag=region	short=	default=	required=
  flag=ssl-id	short=	default=[]	required=
ucloud ulb ssl describe	use=describe	short=Display all data associated with SSL Certificate
  flag=project-id	short=	default=	required=
  flag=region	short=	default=	required=
  flag=ssl-id	short=	default=	required=true
ucloud ulb ssl list	use=list	short=List SSL Certificates
  flag=limit	short=	default=100	required=
  flag=offset	short=	default=0	required=
  flag=project-id	short=	default=	required=
  flag=region	short=	default=	required=
  flag=ssl-id	short=	default=	required=
ucloud ulb ssl unbind	use=unbind	short=Unbind SSL Certificate with VServer
  flag=project-id	short=	default=	required=
  flag=region	short=	default=	required=
  flag=ssl-id	short=	default=	required=true
  flag=ulb-id	short=	default=	required=true
  flag=vserver-id	short=	default=	required=true
ucloud ulb update	use=update	short=Update ULB instance
  flag=group	short=	default=	required=
  flag=name	short=	default=	required=
  flag=project-id	short=	default=	required=
  flag=region	short=	default=	required=
  flag=remark	short=	default=	required=
  flag=ulb-id	short=	default=[]	required=true
ucloud ulb vserver	use=vserver	short=List and manipulate ULB Vserver instances
ucloud ulb vserver backend	use=backend	short=List and manipulate VServer backend nodes
ucloud ulb vserver backend add	use=add	short=Add backend nodes for ULB Vserver instance
  flag=backend-mode	short=	default=enable	required=
  flag=port	short=	default=80	required=
  flag=project-id	short=	default=	required=
  flag=region	short=	default=	required=
  flag=resource-id	short=	default=[]	required=true
  flag=resource-type	short=	default=UHost	required=
  flag=ulb-id	short=	default=	required=true
  flag=vserver-id	short=	default=	required=true
  flag=weight	short=	default=1	required=
ucloud ulb vserver backend delete	use=delete	short=Delete ULB VServer backend nodes
  flag=backend-id	short=	default=[]	required=true
  flag=project-id	short=	default=	required=
  flag=region	short=	default=	required=
  flag=ulb-id	short=	default=	required=true
ucloud ulb vserver backend list	use=list	short=List ULB VServer backend nodes
  flag=project-id	short=	default=	required=
  flag=region	short=	default=	required=
  flag=ulb-id	short=	default=	required=true
  flag=vserver-id	short=	default=	required=true
ucloud ulb vserver backend update	use=update	short=Update attributes of ULB backend nodes
  flag=backend-id	short=	default=[]	required=true
  flag=backend-mode	short=	default=	required=
  flag=port	short=	default=0	required=
  flag=project-id	short=	default=	required=
  flag=region	short=	default=	required=
  flag=ulb-id	short=	default=	required=true
  flag=weight	short=	default=-1	required=
ucloud ulb vserver create	use=create	short=Create ULB VServer instance
  flag=client-timeout-seconds	short=	default=60	required=
  flag=health-check-domain	short=	default=	required=
  flag=health-check-mode	short=	default=Port	required=
  flag=health-check-path	short=	default=	required=
  flag=lb-method	short=	default=Roundrobin	required=
  flag=listen-type	short=	default=RequestProxy	required=
  flag=name	short=	default=	required=
  flag=port	short=	default=80	required=
  flag=project-id	short=	default=	required=
  flag=protocol	short=	default=HTTP	required=
  flag=region	short=	default=	required=
  flag=session-maintain-key	short=	default=	required=
  flag=session-maintain-mode	short=	default=None	required=
  flag=ssl-id	short=	default=	required=
  flag=ulb-id	short=	default=	required=true
ucloud ulb vserver delete	use=delete	short=Delete ULB VServer instances
  flag=project-id	short=	default=	required=
  flag=region	short=	default=	required=
  flag=ulb-id	short=	default=	required=true
  flag=vserver-id	short=	default=[]	required=true
ucloud ulb vserver list	use=list	short=List ULB Vserver instances
  flag=project-id	short=	default=	required=
  flag=region	short=	default=	required=
  flag=ulb-id	short=	default=	required=true
  flag=vserver-id	short=	default=	required=
ucloud ulb vserver policy	use=policy	short=List and manipulate forward policy for VServer
ucloud ulb vserver policy add	use=add	short=Add content forward policy for VServer
  flag=backend-id	short=	default=[]	required=true
  flag=expression	short=	default=	required=true
  flag=forward-method	short=	default=	required=true
  flag=project-id	short=	default=	required=
  flag=region	short=	default=	required=
  flag=ulb-id	short=	default=	required=true
  flag=vserver-id	short=	default=	required=true
ucloud ulb vserver policy delete	use=delete	short=Delete content forward policies of ULB VServer
  flag=policy-id	short=	default=[]	required=true
  flag=project-id	short=	default=	required=
  flag=region	short=	default=	required=
  flag=vserver-id	short=	default=	required=
ucloud ulb vserver policy list	use=list	short=List content forward policies of the VServer instance
  flag=project-id	short=	default=	required=
  flag=region	short=	default=	required=
  flag=ulb-id	short=	default=	required=true
  flag=vserver-id	short=	default=	required=true
ucloud ulb vserver policy update	use=update	short=Update content forward policies of ULB VServer
  flag=add-backend-id	short=	default=[]	required=
  flag=backend-id	short=	default=[]	required=
  flag=expression	short=	default=	required=
  flag=forward-method	short=	default=	required=
  flag=policy-id	short=	default=[]	required=true
  flag=project-id	short=	default=	required=
  flag=region	short=	default=	required=
  flag=remove-backend-id	short=	default=[]	required=
  flag=ulb-id	short=	default=	required=true
  flag=vserver-id	short=	default=	required=true
ucloud ulb vserver update	use=update	short=Update attributes of VServer instances
  flag=client-timeout-seconds	short=	default=-1	required=
  flag=health-check-domain	short=	default=	required=
  flag=health-check-mode	short=	default=	required=
  flag=health-check-path	short=	default=	required=
  flag=lb-method	short=	default=	required=
  flag=name	short=	default=	required=
  flag=project-id	short=	default=	required=
  flag=region	short=	default=	required=
  flag=session-maintain-key	short=	default=	required=
  flag=session-maintain-mode	short=	default=	required=
  flag=ulb-id	short=	default=	required=true
  flag=vserver-id	short=	default=[]	required=true
ucloud vpc	use=vpc	short=List and manipulate VPC instances
ucloud vpc create	use=create	short=Create vpc network
  flag=group	short=	default=	required=
  flag=name	short=	default=	required=true
  flag=project-id	short=	default=	required=
  flag=region	short=	default=	required=
  flag=remark	short=	default=	required=
  flag=segment	short=	default=[]	required=true
ucloud vpc create-intercome	use=create-intercome	short=Create intercome with other vpc
  flag=dst-project-id	short=	default=	required=
  flag=dst-region	short=	default=	required=
  flag=dst-vpc-id	short=	default=	required=true
  flag=project-id	short=	default=	required=
  flag=region	short=	default=	required=
  flag=vpc-id	short=	default=	required=true
ucloud vpc delete	use=delete	short=Delete vpc network
  flag=project-id	short=	default=	required=
  flag=region	short=	default=	required=
  flag=vpc-id	short=	default=[]	required=true
ucloud vpc delete-intercome	use=delete-intercome	short=delete the vpc intercome
  flag=dst-region	short=	default=	required=true
  flag=dst-vpc-id	short=	default=	required=true
  flag=project-id	short=	default=	required=
  flag=region	short=	default=	required=
  flag=vpc-id	short=	default=	required=true
ucloud vpc list	use=list	short=List vpc
  flag=group	short=	default=	required=
  flag=project-id	short=	default=	required=
  flag=region	short=	default=	required=
  flag=vpc-id	short=	default=[]	required=
ucloud vpc list-intercome	use=list-intercome	short=list intercome 
  flag=project-id	short=	default=	required=
  flag=region	short=	default=	required=
  flag=vpc-id	short=	default=	required=true
