ucloud config	active	static	false,true
ucloud config	agree-upload-log	static	false,true
ucloud config	profile	static
ucloud config	project-id	dynamic
ucloud config	region	dynamic
ucloud config	zone	dynamic
ucloud config add	active	static	false,true
ucloud config add	agree-upload-log	static	false,true
ucloud config add	profile	static
ucloud config add	project-id	dynamic
ucloud config add	region	dynamic
ucloud config add	zone	dynamic
ucloud config delete	profile	static
ucloud config update	active	static	false,true
ucloud config update	agree-upload-log	static	false,true
ucloud config update	profile	static
ucloud config update	project-id	dynamic
ucloud config update	region	dynamic
ucloud config update	zone	dynamic
ucloud ext uhost switch-eip	create-eip-charge-type	static	Dynamic,Month,Trial,Year
ucloud ext uhost switch-eip	create-eip-traffic-mode	static	Bandwidth,ShareBandwidth,Traffic
ucloud ext uhost switch-eip	project-id	dynamic
ucloud ext uhost switch-eip	region	dynamic
ucloud ext uhost switch-eip	uhost-id	dynamic
ucloud ext uhost switch-eip	zone	dynamic
ucloud gendoc	dir	static
ucloud gendoc	format	static	douku,markdown,rst
