ucloud cloudwatch list-metrics	product	dynamic
ucloud cloudwatch query-metric-data	calc-method	static	avg,max,min,raw,sum
ucloud cloudwatch query-metric-data	period	static	21600,300,3600,60,86400
ucloud cloudwatch query-metric-data	product	dynamic
ucloud cloudwatch query-metric-data	project-id	dynamic
ucloud cloudwatch query-metric-data	region	dynamic
