ucloud uk8s	use=uk8s	short=Read and manipulate UK8S (UCloud Kubernetes Service) clusters
ucloud uk8s create	use=create	short=Create a UK8S cluster
  flag=async	short=	default=false	required=
  flag=charge-type	short=	default=Month	required=
  flag=cluster-domain	short=	default=	required=
  flag=external-api-server	short=	default=No	required=
  flag=image-id	short=	default=	required=
  flag=k8s-version	short=	default=	required=true
  flag=kube-proxy-mode	short=	default=iptables	required=
  flag=master-boot-disk-size-gb	short=	default=40	required=
  flag=master-boot-disk-type	short=	default=CLOUD_SSD	required=
  flag=master-cpu	short=	default=4	required=true
  flag=master-cpu-platform	short=	default=	required=
  flag=master-data-disk-size-gb	short=	default=0	required=
  flag=master-data-disk-type	short=	default=	required=
  flag=master-machine-type	short=	default=N	required=true
  flag=master-memory-mb	short=	default=8192	required=true
  flag=master-zone	short=	default=[]	required=true
  flag=name	short=	default=	required=true
  flag=node-boot-disk-size-gb	short=	default=40	required=
  flag=node-boot-disk-type	short=	default=CLOUD_SSD	required=
  flag=node-count	short=	default=2	required=true
  flag=node-cpu	short=	default=4	required=true
  flag=node-cpu-platform	short=	default=	required=
  flag=node-data-disk-size-gb	short=	default=0	required=
  flag=node-data-disk-type	short=	default=	required=
  flag=node-machine-type	short=	default=N	required=true
  flag=node-max-pods	short=	default=110	required=
  flag=node-memory-mb	short=	default=8192	required=true
  flag=node-zone	short=	default=	required=true
  flag=password	short=	default=	required=true
  flag=project-id	short=	default=	required=
  flag=quantity	short=	default=1	required=
  flag=region	short=	default=	required=
  flag=service-cidr	short=	default=172.17.0.0/16	required=true
  flag=subnet-id	short=	default=	required=true
  flag=vpc-id	short=	default=	required=true
  flag=zone	short=	default=	required=
