ucloud memcache	use=memcache	short=List and manipulate memcache instances
ucloud memcache create	use=create	short=Create memcache instance
  flag=charge-type	short=	default=Month	required=
  flag=group	short=	default=	required=
  flag=name	short=	default=	required=true
  flag=project-id	short=	default=	required=
  flag=quantity	short=	default=1	required=
  flag=region	short=	default=	required=
  flag=size-gb	short=	default=1	required=
  flag=subnet-id	short=	default=	required=
  flag=vpc-id	short=	default=	required=
  flag=zone	short=	default=	required=
ucloud memcache delete	use=delete	short=Delete memcache instances
  flag=project-id	short=	default=	required=
  flag=region	short=	default=	required=
  flag=umem-id	short=	default=[]	required=true
  flag=zone	short=	default=	required=
ucloud memcache list	use=list	short=List memcache instances
  flag=limit	short=	default=100	required=
  flag=offset	short=	default=0	required=
  flag=project-id	short=	default=	required=
  flag=region	short=	default=	required=
  flag=umem-id	short=	default=	required=
  flag=zone	short=	default=	required=
ucloud memcache resize	use=resize	short=Resize memcache instances
  flag=project-id	short=	default=	required=
  flag=region	short=	default=	required=
  flag=size-gb	short=	default=0	required=true
  flag=umem-id	short=	default=[]	required=true
  flag=zone	short=	default=	required=
ucloud memcache restart	use=restart	short=Restart memcache instances
  flag=project-id	short=	default=	required=
  flag=region	short=	default=	required=
  flag=umem-id	short=	default=[]	required=true
  flag=zone	short=	default=	required=
