ucloud ulb create	bind-eip	dynamic
ucloud ulb create	charge-type	static	Dynamic,Month,Year
ucloud ulb create	create-eip-line	static	BGP,International
ucloud ulb create	create-eip-traffic-mode	static	Bandwidth,ShareBandwidth,Traffic
ucloud ulb create	mode	static	inner,outer
ucloud ulb create	project-id	dynamic
ucloud ulb create	region	dynamic
ucloud ulb create	subnet-id	dynamic
ucloud ulb create	vpc-id	dynamic
ucloud ulb delete	project-id	dynamic
ucloud ulb delete	region	dynamic
ucloud ulb delete	ulb-id	dynamic
ucloud ulb list	project-id	dynamic
ucloud ulb list	region	dynamic
ucloud ulb list	vpc-id	dynamic
ucloud ulb ssl add	all-in-one-file	static
ucloud ulb ssl add	ca-certificate-file	static
ucloud ulb ssl add	private-key-file	static
ucloud ulb ssl add	project-id	dynamic
ucloud ulb ssl add	region	dynamic
ucloud ulb ssl add	site-certificate-file	static
ucloud ulb ssl bind	project-id	dynamic
ucloud ulb ssl bind	region	dynamic
ucloud ulb ssl bind	ssl-id	dynamic
ucloud ulb ssl bind	ulb-id	dynamic
ucloud ulb ssl bind	vserver-id	dynamic
ucloud ulb ssl delete	project-id	dynamic
ucloud ulb ssl delete	region	dynamic
ucloud ulb ssl delete	ssl-id	dynamic
ucloud ulb ssl describe	project-id	dynamic
ucloud ulb ssl describe	region	dynamic
ucloud ulb ssl describe	ssl-id	dynamic
ucloud ulb ssl list	project-id	dynamic
ucloud ulb ssl list	region	dynamic
ucloud ulb ssl unbind	project-id	dynamic
ucloud ulb ssl unbind	region	dynamic
ucloud ulb ssl unbind	ssl-id	dynamic
ucloud ulb ssl unbind	ulb-id	dynamic
ucloud ulb ssl unbind	vserver-id	dynamic
ucloud ulb update	project-id	dynamic
ucloud ulb update	region	dynamic
ucloud ulb update	ulb-id	dynamic
ucloud ulb vserver backend add	backend-mode	static	disable,enable
ucloud ulb vserver backend add	project-id	dynamic
ucloud ulb vserver backend add	region	dynamic
ucloud ulb vserver backend add	resource-type	static	UDHost,UDocker,UPM,Uhost
ucloud ulb vserver backend add	ulb-id	dynamic
ucloud ulb vserver backend add	vserver-id	dynamic
ucloud ulb vserver backend delete	backend-id	dynamic
ucloud ulb vserver backend delete	project-id	dynamic
ucloud ulb vserver backend delete	region	dynamic
ucloud ulb vserver backend delete	ulb-id	dynamic
ucloud ulb vserver backend list	project-id	dynamic
ucloud ulb vserver backend list	region	dynamic
ucloud ulb vserver backend list	ulb-id	dynamic
ucloud ulb vserver backend list	vserver-id	dynamic
ucloud ulb vserver backend update	backend-id	dynamic
ucloud ulb vserver backend update	backend-mode	static	disable,enable
ucloud ulb vserver backend update	project-id	dynamic
ucloud ulb vserver backend update	region	dynamic
ucloud ulb vserver backend update	ulb-id	dynamic
ucloud ulb vserver create	health-check-mode	static	Path,Port
ucloud ulb vserver create	lb-method	static	Leastconn,Roundrobin,Source,WeightRoundrobin
ucloud ulb vserver create	listen-type	static	PacketsTransmit,RequestProxy
ucloud ulb vserver create	project-id	dynamic
ucloud ulb vserver create	protocol	static	HTTP,HTTPS,TCP,UDP
ucloud ulb vserver create	region	dynamic
ucloud ulb vserver create	session-maintain-mode	static	None,ServerInsert,UserDefined
ucloud ulb vserver create	ssl-id	dynamic
ucloud ulb vserver create	ulb-id	dynamic
ucloud ulb vserver delete	project-id	dynamic
ucloud ulb vserver delete	region	dynamic
ucloud ulb vserver delete	ulb-id	dynamic
ucloud ulb vserver delete	vserver-id	dynamic
ucloud ulb vserver list	project-id	dynamic
ucloud ulb vserver list	region	dynamic
ucloud ulb vserver list	ulb-id	dynamic
ucloud ulb vserver policy add	backend-id	dynamic
ucloud ulb vserver policy add	forward-method	static	Domain,Path
ucloud ulb vserver policy add	project-id	dynamic
ucloud ulb vserver policy add	region	dynamic
ucloud ulb vserver policy add	ulb-id	dynamic
ucloud ulb vserver policy add	vserver-id	dynamic
ucloud ulb vserver policy delete	project-id	dynamic
ucloud ulb vserver policy delete	region	dynamic
ucloud ulb vserver policy list	project-id	dynamic
ucloud ulb vserver policy list	region	dynamic
ucloud ulb vserver policy list	ulb-id	dynamic
ucloud ulb vserver policy list	vserver-id	dynamic
ucloud ulb vserver policy update	add-backend-id	dynamic
ucloud ulb vserver policy update	backend-id	dynamic
ucloud ulb vserver policy update	forward-method	static	Domain,Path
ucloud ulb vserver policy update	project-id	dynamic
ucloud ulb vserver policy update	region	dynamic
ucloud ulb vserver policy update	remove-backend-id	dynamic
ucloud ulb vserver policy update	ulb-id	dynamic
ucloud ulb vserver policy update	vserver-id	dynamic
ucloud ulb vserver update	health-check-mode	static	Path,Port
ucloud ulb vserver update	lb-method	static	ConsistentHash,ConsistentHashPort,Leastconn,Roundrobin,Source,SourcePort,WeightRoundrobin
ucloud ulb vserver update	project-id	dynamic
ucloud ulb vserver update	region	dynamic
ucloud ulb vserver update	session-maintain-mode	static	None,ServerInsert,UserDefined
ucloud ulb vserver update	ulb-id	dynamic
ucloud ulb vserver update	vserver-id	dynamic
